exports[`SearchPageComponent matches snapshot 1`] = `
<Connect(withRouter(PageLayout))
  title="Search page: listings">
  <div />
  <div>
    <div>
      <SearchResultsPanel
        className={null}
        currencyConfig={
          Object {
            "currency": "USD",
            "currencyDisplay": "symbol",
            "maximumFractionDigits": 2,
            "minimumFractionDigits": 2,
            "style": "currency",
            "subUnitDivisor": 100,
            "useGrouping": true,
          }
        }
        listings={Array []}
        pagination={null}
        rootClassName={null}
        search={Object {}} />
    </div>
  </div>
</Connect(withRouter(PageLayout))>
`;
