exports[`EditListingLocationForm matches snapshot 1`] = `
<form
  className=""
  onSubmit={[Function]}>
  <Field
    autoFocus={true}
    component={[Function]}
    format={null}
    inputComponent={[Function]}
    label="EditListingLocationForm.address"
    name="location"
    type="custom"
    validate={
      Array [
        [Function],
        [Function],
      ]
    } />
  <Field
    component={[Function]}
    label="EditListingLocationForm.building"
    name="building"
    placeholder="EditListingLocationForm.buildingPlaceholder"
    type="text" />
  <Button
    className={null}
    rootClassName=""
    type="submit">
    Next: pricing
  </Button>
</form>
`;
