exports[`TopbarDesktop data matches snapshot 1`] = `
<div
  className="">
  <a
    className="NamedLink_active"
    href="/"
    onClick={[Function]}
    style={Object {}}>
    <img
      alt="TopbarDesktop.logo"
      className={undefined}
      src="saunatime-logo.png" />
  </a>
  <form
    className=""
    onSubmit={[Function]}>
    <div
      className="">
      <input
        autoComplete="off"
        autoFocus={false}
        className=""
        name="location"
        onBlur={[Function]}
        onChange={[Function]}
        onFocus={[Function]}
        onKeyDown={[Function]}
        placeholder="Search saunas..."
        type="search"
        value="" />
    </div>
  </form>
  <a
    className=""
    href="/l/new"
    onClick={[Function]}
    style={Object {}}>
    <span
      className={undefined}>
      <span>
        + Add your sauna
      </span>
    </span>
  </a>
  <a
    className=""
    href="/inbox/sales"
    onClick={[Function]}
    style={Object {}}>
    <span
      className={undefined}>
      <span>
        Inbox
      </span>
    </span>
  </a>
  <div
    className={undefined}>
     
    <img
      alt="John Doe"
      className=""
      src="wireframeAvatar.svg" />
  </div>
</div>
`;
