exports[`NotFoundPage matches snapshot 1`] = `
<Connect(PageLayout)
  title="Page not found">
  <NamedLink
    hash=""
    name="LandingPage"
    params={Object {}}
    query={Object {}}
    state={Object {}}>
    Index page
  </NamedLink>
</Connect(PageLayout)>
`;
