exports[`SalesConversationPage matches snapshot 1`] = `
<Connect(PageLayout)
  title="Sales conversation page">
  <p>
    Sale id: 
    12345
  </p>
  <NamedLink
    hash=""
    name="SaleDiscussionPage"
    params={
      Object {
        "id": 12345,
      }
    }
    search=""
    state={Object {}}>
    Discussion tab
  </NamedLink>
  <br />
  <NamedLink
    hash=""
    name="SaleDetailsPage"
    params={
      Object {
        "id": 12345,
      }
    }
    search=""
    state={Object {}}>
    Details tab
  </NamedLink>
  <p>
    Mobile layout needs different views for discussion and details.
  </p>
  <p>
    Discussion view is the default if route doesn\'t specify mobile tab (e.g. 
    <i>
      /order/1234
    </i>
    )
  </p>
</Connect(PageLayout)>
`;
