exports[`AuthenticationPageComponent matches snapshot 1`] = `
<Connect(PageLayout)
  title="Authentication page: signup tab">
  <ReduxForm
    onSubmit={[Function]} />
  <NamedLink
    hash=""
    name="LogInPage"
    params={
      Object {
        "state": Object {
          "from": "/protected",
        },
      }
    }
    query={Object {}}
    state={Object {}}>
    Log in
  </NamedLink>
</Connect(PageLayout)>
`;
